[*] Mechanism factorial (checkpointed)
    config      : configs/calibrated.yaml (energy_value=50)
    conditions  : 32 (8 cells x 4 ratios)
    seeds       : 30  gen x steps: 5 x 1000
    total runs  : 960
    checkpoint  : data/results/phase1/mechanism/checkpoint.jsonl
    already done: 0 runs (resuming)
    remaining   : 960 runs
    workers     : 12
    [1/960] mech_md00_ppon_r05 seed=1411 impact=-0.1179 EXT | 5.1min elapsed, ETA 4846min
    [2/960] mech_md00_ppon_r05 seed=2096 impact=+0.0117 ok | 5.7min elapsed, ETA 2725min
    [3/960] mech_md00_ppon_r05 seed=2507 impact=-0.1254 EXT | 5.7min elapsed, ETA 1820min
    [4/960] mech_md00_ppon_r05 seed=1548 impact=+0.0663 ok | 6.2min elapsed, ETA 1484min
    [5/960] mech_md00_ppon_r05 seed=2233 impact=+0.1838 ok | 6.3min elapsed, ETA 1198min
    [6/960] mech_md00_ppon_r05 seed=1274 impact=-0.0389 EXT | 6.4min elapsed, ETA 1014min
    [7/960] mech_md00_ppon_r05 seed=2370 impact=-0.0106 ok | 6.4min elapsed, ETA 872min
    [8/960] mech_md00_ppon_r05 seed=1137 impact=-0.2589 EXT | 6.4min elapsed, ETA 767min
    [9/960] mech_md00_ppon_r05 seed=1685 impact=+0.1060 ok | 7.1min elapsed, ETA 752min
    [10/960] mech_md00_ppon_r05 seed=1959 impact=-0.0400 ok | 7.1min elapsed, ETA 678min
    [11/960] mech_md00_ppon_r05 seed=1822 impact=+0.1210 ok | 7.2min elapsed, ETA 619min
    [12/960] mech_md00_ppon_r05 seed=1000 impact=+0.1380 ok | 7.9min elapsed, ETA 622min
    [13/960] mech_md00_ppon_r05 seed=2644 impact=-0.0317 EXT | 9.4min elapsed, ETA 685min
    [14/960] mech_md00_ppon_r05 seed=2781 impact=-0.0206 ok | 11.3min elapsed, ETA 760min
    [15/960] mech_md00_ppon_r05 seed=3192 impact=+0.1115 ok | 11.3min elapsed, ETA 715min
    [16/960] mech_md00_ppon_r05 seed=3055 impact=+0.1975 ok | 12.5min elapsed, ETA 736min
    [17/960] mech_md00_ppon_r05 seed=3466 impact=-0.0051 EXT | 12.6min elapsed, ETA 696min
    [18/960] mech_md00_ppon_r05 seed=3329 impact=-0.0441 ok | 12.6min elapsed, ETA 661min
    [19/960] mech_md00_ppon_r05 seed=3877 impact=-0.0576 EXT | 13.2min elapsed, ETA 655min
    [20/960] mech_md00_ppon_r05 seed=3740 impact=-0.0977 ok | 13.6min elapsed, ETA 640min
    [21/960] mech_md00_ppon_r05 seed=2918 impact=+0.1278 ok | 14.5min elapsed, ETA 647min
    [22/960] mech_md00_ppon_r05 seed=3603 impact=-0.1082 ok | 14.9min elapsed, ETA 635min
    [23/960] mech_md00_ppon_r05 seed=4014 impact=-0.2409 EXT | 15.5min elapsed, ETA 632min
    [24/960] mech_md00_ppon_r05 seed=4151 impact=+0.0820 ok | 15.9min elapsed, ETA 621min
    [25/960] mech_md00_ppon_r05 seed=4288 impact=-0.0497 ok | 15.9min elapsed, ETA 596min
    [26/960] mech_md00_ppon_r05 seed=4425 impact=+0.0945 ok | 17.4min elapsed, ETA 626min
    [27/960] mech_md00_ppon_r05 seed=4562 impact=-0.0510 EXT | 17.6min elapsed, ETA 609min
    [28/960] mech_md00_ppon_r05 seed=4699 impact=+0.0256 ok | 18.9min elapsed, ETA 630min
    [29/960] mech_md00_ppon_r05 seed=4836 impact=+0.0974 ok | 19.3min elapsed, ETA 618min
    [30/960] mech_md00_ppon_r10 seed=1411 impact=-0.0352 EXT | 20.2min elapsed, ETA 627min
    [31/960] mech_md00_ppon_r10 seed=1137 impact=-0.0193 ok | 21.0min elapsed, ETA 628min
    [32/960] mech_md00_ppon_r10 seed=1548 impact=+0.0154 ok | 21.1min elapsed, ETA 612min
    [33/960] mech_md00_ppon_r10 seed=1822 impact=+0.0695 ok | 21.7min elapsed, ETA 609min
    [34/960] mech_md00_ppon_r10 seed=1685 impact=-0.0841 EXT | 22.3min elapsed, ETA 607min
    [35/960] mech_md00_ppon_r10 seed=1000 impact=+0.0652 ok | 22.9min elapsed, ETA 607min
    [36/960] mech_md00_ppon_r10 seed=2096 impact=-0.0241 ok | 23.8min elapsed, ETA 612min
    [37/960] mech_md00_ppon_r05 seed=4973 impact=-0.0168 ok | 24.6min elapsed, ETA 613min
    [38/960] mech_md00_ppon_r10 seed=1274 impact=+0.0365 ok | 25.0min elapsed, ETA 606min
    [39/960] mech_md00_ppon_r10 seed=1959 impact=-0.0065 ok | 25.0min elapsed, ETA 591min
    [40/960] mech_md00_ppon_r10 seed=2507 impact=-0.1326 EXT | 26.1min elapsed, ETA 600min
    [41/960] mech_md00_ppon_r10 seed=2370 impact=+0.0437 ok | 26.2min elapsed, ETA 587min
    [42/960] mech_md00_ppon_r10 seed=2233 impact=+0.0786 ok | 26.5min elapsed, ETA 579min
    [43/960] mech_md00_ppon_r10 seed=2781 impact=+0.0046 ok | 27.8min elapsed, ETA 592min
    [44/960] mech_md00_ppon_r10 seed=2918 impact=+0.1122 ok | 28.3min elapsed, ETA 590min
    [45/960] mech_md00_ppon_r10 seed=3055 impact=+0.1853 ok | 29.7min elapsed, ETA 605min
    [46/960] mech_md00_ppon_r10 seed=3329 impact=+0.0254 ok | 30.0min elapsed, ETA 597min
    [47/960] mech_md00_ppon_r10 seed=2644 impact=+0.1448 ok | 30.7min elapsed, ETA 596min
    [48/960] mech_md00_ppon_r10 seed=3603 impact=-0.0310 ok | 31.1min elapsed, ETA 592min
    [49/960] mech_md00_ppon_r10 seed=3740 impact=-0.1144 ok | 31.5min elapsed, ETA 585min
    [50/960] mech_md00_ppon_r10 seed=3877 impact=-0.3505 EXT | 32.5min elapsed, ETA 591min
    [51/960] mech_md00_ppon_r10 seed=3192 impact=+0.1543 ok | 33.0min elapsed, ETA 588min
    [52/960] mech_md00_ppon_r10 seed=4014 impact=+0.0037 ok | 34.3min elapsed, ETA 599min
    [53/960] mech_md00_ppon_r10 seed=4288 impact=-0.0050 ok | 35.0min elapsed, ETA 599min
    [54/960] mech_md00_ppon_r10 seed=3466 impact=+0.1854 ok | 35.1min elapsed, ETA 590min
    [55/960] mech_md00_ppon_r10 seed=4425 impact=-0.0030 ok | 35.5min elapsed, ETA 584min
    [56/960] mech_md00_ppon_r10 seed=4151 impact=+0.0788 ok | 36.8min elapsed, ETA 594min
    [57/960] mech_md00_ppon_r10 seed=4562 impact=-0.0462 EXT | 37.1min elapsed, ETA 588min
    [58/960] mech_md00_ppon_r10 seed=4836 impact=+0.0824 ok | 37.5min elapsed, ETA 583min
    [59/960] mech_md00_ppon_r20 seed=1137 impact=-0.0529 ok | 38.5min elapsed, ETA 587min
    [60/960] mech_md00_ppon_r20 seed=1000 impact=+0.0793 ok | 38.6min elapsed, ETA 580min
    [61/960] mech_md00_ppon_r10 seed=4699 impact=-0.0524 ok | 39.3min elapsed, ETA 579min
    [62/960] mech_md00_ppon_r10 seed=4973 impact=+0.0268 ok | 40.0min elapsed, ETA 580min
    [63/960] mech_md00_ppon_r20 seed=1274 impact=+0.1196 ok | 40.5min elapsed, ETA 577min
    [64/960] mech_md00_ppon_r20 seed=1411 impact=+0.1200 ok | 41.4min elapsed, ETA 580min
    [65/960] mech_md00_ppon_r20 seed=1548 impact=-0.0097 ok | 41.5min elapsed, ETA 571min
    [66/960] mech_md00_ppon_r20 seed=1822 impact=+0.0980 ok | 42.3min elapsed, ETA 573min
    [67/960] mech_md00_ppon_r20 seed=2507 impact=-0.3064 EXT | 44.1min elapsed, ETA 588min
    [68/960] mech_md00_ppon_r20 seed=2233 impact=+0.1369 ok | 44.7min elapsed, ETA 586min
    [69/960] mech_md00_ppon_r20 seed=1685 impact=-0.0034 ok | 44.7min elapsed, ETA 577min
    [70/960] mech_md00_ppon_r20 seed=2370 impact=+0.0466 ok | 45.0min elapsed, ETA 572min
    [71/960] mech_md00_ppon_r20 seed=2096 impact=+0.0121 ok | 45.3min elapsed, ETA 567min
    [72/960] mech_md00_ppon_r20 seed=2644 impact=+0.0047 EXT | 45.8min elapsed, ETA 565min
    [73/960] mech_md00_ppon_r20 seed=2781 impact=+0.0038 ok | 46.0min elapsed, ETA 559min
    [74/960] mech_md00_ppon_r20 seed=1959 impact=+0.0172 ok | 47.0min elapsed, ETA 563min
    [75/960] mech_md00_ppon_r20 seed=3192 impact=+0.1359 ok | 48.0min elapsed, ETA 567min
    [76/960] mech_md00_ppon_r20 seed=3055 impact=+0.2457 ok | 48.1min elapsed, ETA 560min
    [77/960] mech_md00_ppon_r20 seed=2918 impact=+0.0521 ok | 48.3min elapsed, ETA 554min
    [78/960] mech_md00_ppon_r20 seed=3329 impact=-0.0279 ok | 49.4min elapsed, ETA 558min
    [79/960] mech_md00_ppon_r20 seed=3466 impact=+0.0185 ok | 51.1min elapsed, ETA 570min
    [80/960] mech_md00_ppon_r20 seed=3877 impact=+0.0347 ok | 51.4min elapsed, ETA 565min
    [81/960] mech_md00_ppon_r20 seed=3603 impact=-0.0475 ok | 51.9min elapsed, ETA 563min
    [82/960] mech_md00_ppon_r20 seed=4288 impact=+0.0229 ok | 53.9min elapsed, ETA 577min
    [83/960] mech_md00_ppon_r20 seed=4562 impact=+0.0912 ok | 54.5min elapsed, ETA 575min
    [84/960] mech_md00_ppon_r20 seed=4836 impact=+0.1351 ok | 55.1min elapsed, ETA 574min
    [85/960] mech_md00_ppon_r20 seed=3740 impact=-0.0956 ok | 55.2min elapsed, ETA 569min
    [86/960] mech_md00_ppon_r20 seed=4699 impact=+0.0314 ok | 55.7min elapsed, ETA 566min
    [87/960] mech_md00_ppon_r20 seed=4151 impact=+0.1275 ok | 56.4min elapsed, ETA 566min
    [88/960] mech_md00_ppon_r20 seed=4425 impact=-0.0773 EXT | 56.7min elapsed, ETA 562min
    [89/960] mech_md00_ppon_r20 seed=4014 impact=+0.0867 ok | 57.4min elapsed, ETA 561min
    [90/960] mech_md00_ppon_r30 seed=1000 impact=+0.1100 ok | 58.2min elapsed, ETA 563min
    [91/960] mech_md00_ppon_r30 seed=1137 impact=-0.0074 ok | 58.3min elapsed, ETA 557min
    [92/960] mech_md00_ppon_r30 seed=1274 impact=+0.0915 ok | 59.2min elapsed, ETA 558min
    [93/960] mech_md00_ppon_r20 seed=4973 impact=+0.0759 ok | 59.2min elapsed, ETA 552min
    [94/960] mech_md00_ppon_r30 seed=1411 impact=+0.0984 ok | 60.9min elapsed, ETA 561min
    [95/960] mech_md00_ppon_r30 seed=1548 impact=-0.0259 ok | 61.5min elapsed, ETA 560min
    [96/960] mech_md00_ppon_r30 seed=1685 impact=+0.0415 ok | 62.5min elapsed, ETA 563min
    [97/960] mech_md00_ppon_r30 seed=2233 impact=+0.2144 ok | 63.4min elapsed, ETA 564min
    [98/960] mech_md00_ppon_r30 seed=2507 impact=-0.0114 ok | 64.5min elapsed, ETA 568min
    [99/960] mech_md00_ppon_r30 seed=1822 impact=+0.0016 ok | 64.7min elapsed, ETA 562min
    [100/960] mech_md00_ppon_r30 seed=2096 impact=+0.0295 ok | 65.0min elapsed, ETA 559min
    [101/960] mech_md00_ppon_r30 seed=2644 impact=+0.1100 ok | 65.5min elapsed, ETA 557min
    [102/960] mech_md00_ppon_r30 seed=1959 impact=-0.0731 ok | 65.8min elapsed, ETA 554min
    [103/960] mech_md00_ppon_r30 seed=2781 impact=-0.0369 ok | 66.2min elapsed, ETA 551min
    [104/960] mech_md00_ppon_r30 seed=2370 impact=+0.0320 ok | 67.2min elapsed, ETA 553min
    [105/960] mech_md00_ppon_r30 seed=2918 impact=+0.1342 ok | 67.7min elapsed, ETA 551min
    [106/960] mech_md00_ppon_r30 seed=3192 impact=+0.0018 EXT | 67.8min elapsed, ETA 546min
    [107/960] mech_md00_ppon_r30 seed=3055 impact=+0.2338 ok | 68.3min elapsed, ETA 544min
    [108/960] mech_md00_ppon_r30 seed=3329 impact=+0.0311 ok | 68.6min elapsed, ETA 542min
    [109/960] mech_md00_ppon_r30 seed=3466 impact=+0.1639 ok | 69.6min elapsed, ETA 544min
    [110/960] mech_md00_ppon_r30 seed=3603 impact=-0.0270 ok | 71.1min elapsed, ETA 550min
    [111/960] mech_md00_ppon_r30 seed=4151 impact=+0.1348 ok | 72.1min elapsed, ETA 551min
    [112/960] mech_md00_ppon_r30 seed=4288 impact=-0.0330 ok | 72.7min elapsed, ETA 550min
    [113/960] mech_md00_ppon_r30 seed=3877 impact=-0.0170 ok | 73.6min elapsed, ETA 552min
    [114/960] mech_md00_ppon_r30 seed=4562 impact=+0.1055 ok | 74.1min elapsed, ETA 550min
    [115/960] mech_md00_ppon_r30 seed=3740 impact=-0.0315 ok | 74.3min elapsed, ETA 546min
    [116/960] mech_md00_ppon_r30 seed=4836 impact=+0.1303 ok | 74.5min elapsed, ETA 542min
    [117/960] mech_md00_ppon_r30 seed=4699 impact=-0.0431 ok | 75.1min elapsed, ETA 541min
    [118/960] mech_md00_ppoff_r05 seed=1000 impact=+0.1067 ok | 75.5min elapsed, ETA 539min
    [119/960] mech_md00_ppoff_r05 seed=1137 impact=-0.2637 EXT | 75.6min elapsed, ETA 534min
    [120/960] mech_md00_ppon_r30 seed=4425 impact=-0.0097 ok | 76.3min elapsed, ETA 534min
    [121/960] mech_md00_ppon_r30 seed=4014 impact=+0.0579 ok | 107.5min elapsed, ETA 745min
    [122/960] mech_md00_ppon_r30 seed=4973 impact=-0.0121 ok | 108.3min elapsed, ETA 744min
    [123/960] mech_md00_ppoff_r05 seed=1411 impact=+0.1702 ok | 108.5min elapsed, ETA 739min
    [124/960] mech_md00_ppoff_r05 seed=1274 impact=+0.0988 ok | 110.3min elapsed, ETA 744min
    [125/960] mech_md00_ppoff_r05 seed=1685 impact=+0.0295 ok | 110.5min elapsed, ETA 738min
    [126/960] mech_md00_ppoff_r05 seed=2096 impact=+0.0359 ok | 111.1min elapsed, ETA 735min
    [127/960] mech_md00_ppoff_r05 seed=1548 impact=+0.0471 ok | 111.1min elapsed, ETA 729min
    [128/960] mech_md00_ppoff_r05 seed=2644 impact=-0.1219 EXT | 111.6min elapsed, ETA 725min
    [129/960] mech_md00_ppoff_r05 seed=2507 impact=-0.0480 ok | 112.5min elapsed, ETA 725min
    [130/960] mech_md00_ppoff_r05 seed=2233 impact=+0.0561 EXT | 112.6min elapsed, ETA 719min
    [131/960] mech_md00_ppoff_r05 seed=2370 impact=-0.0019 ok | 112.6min elapsed, ETA 712min
    [132/960] mech_md00_ppoff_r05 seed=1822 impact=+0.1481 ok | 112.9min elapsed, ETA 708min
    [133/960] mech_md00_ppoff_r05 seed=2781 impact=-0.0356 ok | 114.6min elapsed, ETA 713min
    [134/960] mech_md00_ppoff_r05 seed=1959 impact=-0.0494 ok | 115.3min elapsed, ETA 711min
    [135/960] mech_md00_ppoff_r05 seed=3192 impact=-0.0389 EXT | 116.2min elapsed, ETA 710min
    [136/960] mech_md00_ppoff_r05 seed=3329 impact=-0.2248 EXT | 117.2min elapsed, ETA 710min
    [137/960] mech_md00_ppoff_r05 seed=2918 impact=+0.1074 ok | 118.7min elapsed, ETA 713min
    [138/960] mech_md00_ppoff_r05 seed=3603 impact=-0.0777 ok | 119.1min elapsed, ETA 710min
    [139/960] mech_md00_ppoff_r05 seed=3740 impact=-0.0874 ok | 119.5min elapsed, ETA 706min
    [140/960] mech_md00_ppoff_r05 seed=3877 impact=-0.3512 EXT | 119.9min elapsed, ETA 702min
    [141/960] mech_md00_ppoff_r05 seed=3466 impact=-0.1311 EXT | 120.3min elapsed, ETA 699min
    [142/960] mech_md00_ppoff_r05 seed=4014 impact=-0.2409 EXT | 190.3min elapsed, ETA 1096min
    [143/960] mech_md00_ppoff_r05 seed=3055 impact=+0.1996 ok | 190.4min elapsed, ETA 1088min
    [144/960] mech_md00_ppoff_r05 seed=4288 impact=-0.0128 ok | 191.1min elapsed, ETA 1083min
    [145/960] mech_md00_ppoff_r05 seed=4425 impact=+0.0486 ok | 191.8min elapsed, ETA 1078min
    [146/960] mech_md00_ppoff_r05 seed=4562 impact=-0.0523 EXT | 192.1min elapsed, ETA 1071min
    [147/960] mech_md00_ppoff_r05 seed=4151 impact=-0.0181 EXT | 192.8min elapsed, ETA 1066min
    [148/960] mech_md00_ppoff_r05 seed=4699 impact=-0.0153 ok | 194.3min elapsed, ETA 1066min
    [149/960] mech_md00_ppoff_r05 seed=4836 impact=+0.0792 ok | 197.0min elapsed, ETA 1072min
    [150/960] mech_md00_ppoff_r10 seed=1137 impact=-0.0449 ok | 197.3min elapsed, ETA 1066min
    [151/960] mech_md00_ppoff_r05 seed=4973 impact=+0.0381 ok | 198.1min elapsed, ETA 1062min
    [152/960] mech_md00_ppoff_r10 seed=1274 impact=+0.0932 ok | 198.5min elapsed, ETA 1055min
    [153/960] mech_md00_ppoff_r10 seed=1411 impact=+0.1279 ok | 198.8min elapsed, ETA 1049min
    [154/960] mech_md00_ppoff_r10 seed=1548 impact=+0.0247 ok | 199.1min elapsed, ETA 1042min
    [155/960] mech_md00_ppoff_r10 seed=1685 impact=+0.0776 ok | 199.6min elapsed, ETA 1037min
    [156/960] mech_md00_ppoff_r10 seed=1000 impact=+0.0517 ok | 199.7min elapsed, ETA 1029min
    [157/960] mech_md00_ppoff_r10 seed=1822 impact=-0.0950 EXT | 200.3min elapsed, ETA 1024min
    [158/960] mech_md00_ppoff_r10 seed=2096 impact=+0.0357 ok | 201.4min elapsed, ETA 1022min
    [159/960] mech_md00_ppoff_r10 seed=2233 impact=+0.1730 ok | 202.3min elapsed, ETA 1019min
    [160/960] mech_md00_ppoff_r10 seed=1959 impact=-0.0498 ok | 203.2min elapsed, ETA 1016min
    [161/960] mech_md00_ppoff_r10 seed=2370 impact=+0.0564 ok | 204.1min elapsed, ETA 1013min
    [162/960] mech_md00_ppoff_r10 seed=2507 impact=-0.0447 ok | 204.2min elapsed, ETA 1006min
    [163/960] mech_md00_ppoff_r10 seed=2781 impact=-0.0485 ok | 204.3min elapsed, ETA 999min
    [164/960] mech_md00_ppoff_r10 seed=2644 impact=+0.0097 EXT | 204.3min elapsed, ETA 992min
    [165/960] mech_md00_ppoff_r10 seed=3055 impact=+0.0754 EXT | 205.8min elapsed, ETA 992min
    [166/960] mech_md00_ppoff_r10 seed=3329 impact=+0.0522 ok | 206.2min elapsed, ETA 986min
    [167/960] mech_md00_ppoff_r10 seed=3192 impact=-0.0242 EXT | 206.9min elapsed, ETA 983min
    [168/960] mech_md00_ppoff_r10 seed=3466 impact=+0.1716 ok | 207.4min elapsed, ETA 978min
    [169/960] mech_md00_ppoff_r10 seed=3603 impact=-0.0044 ok | 208.4min elapsed, ETA 976min
    [170/960] mech_md00_ppoff_r10 seed=2918 impact=+0.1180 ok | 209.0min elapsed, ETA 971min
    [171/960] mech_md00_ppoff_r10 seed=3877 impact=-0.1453 EXT | 210.0min elapsed, ETA 969min
    [172/960] mech_md00_ppoff_r10 seed=3740 impact=-0.0697 ok | 211.2min elapsed, ETA 968min
    [173/960] mech_md00_ppoff_r10 seed=4151 impact=+0.0041 ok | 212.5min elapsed, ETA 967min
    [174/960] mech_md00_ppoff_r10 seed=4288 impact=+0.0267 ok | 212.6min elapsed, ETA 960min
    [175/960] mech_md00_ppoff_r10 seed=4014 impact=-0.2491 EXT | 213.1min elapsed, ETA 956min
    [176/960] mech_md00_ppoff_r10 seed=4425 impact=+0.0197 ok | 213.2min elapsed, ETA 950min
    [177/960] mech_md00_ppoff_r10 seed=4836 impact=+0.1601 ok | 213.7min elapsed, ETA 945min
    [178/960] mech_md00_ppoff_r10 seed=4562 impact=-0.0445 EXT | 213.8min elapsed, ETA 939min
    [179/960] mech_md00_ppoff_r10 seed=4699 impact=-0.0787 ok | 215.6min elapsed, ETA 941min
    [180/960] mech_md00_ppoff_r20 seed=1137 impact=-0.0092 ok | 216.6min elapsed, ETA 939min
    [181/960] mech_md00_ppoff_r20 seed=1000 impact=+0.0844 ok | 217.9min elapsed, ETA 938min
    [182/960] mech_md00_ppoff_r10 seed=4973 impact=+0.0344 ok | 218.4min elapsed, ETA 934min
    [183/960] mech_md00_ppoff_r20 seed=1274 impact=+0.0939 ok | 218.4min elapsed, ETA 927min
    [184/960] mech_md00_ppoff_r20 seed=1411 impact=+0.1350 ok | 218.7min elapsed, ETA 922min
    [185/960] mech_md00_ppoff_r20 seed=1822 impact=+0.0671 ok | 220.1min elapsed, ETA 922min
    [186/960] mech_md00_ppoff_r20 seed=2096 impact=+0.0144 ok | 220.3min elapsed, ETA 917min
    [187/960] mech_md00_ppoff_r20 seed=1548 impact=+0.0221 ok | 220.4min elapsed, ETA 911min
    [188/960] mech_md00_ppoff_r20 seed=1685 impact=+0.1038 ok | 221.3min elapsed, ETA 909min
    [189/960] mech_md00_ppoff_r20 seed=2233 impact=+0.1863 ok | 222.0min elapsed, ETA 906min
    [190/960] mech_md00_ppoff_r20 seed=1959 impact=-0.0141 ok | 222.3min elapsed, ETA 901min
    [191/960] mech_md00_ppoff_r20 seed=2507 impact=-0.1128 EXT | 223.0min elapsed, ETA 898min
    [192/960] mech_md00_ppoff_r20 seed=2644 impact=-0.2794 EXT | 223.0min elapsed, ETA 892min
    [193/960] mech_md00_ppoff_r20 seed=2370 impact=+0.0328 ok | 224.8min elapsed, ETA 893min
    [194/960] mech_md00_ppoff_r20 seed=3055 impact=+0.3140 ok | 225.5min elapsed, ETA 890min
    [195/960] mech_md00_ppoff_r20 seed=2918 impact=+0.0348 EXT | 225.9min elapsed, ETA 886min
    [196/960] mech_md00_ppoff_r20 seed=3192 impact=+0.1312 ok | 226.9min elapsed, ETA 884min
    [197/960] mech_md00_ppoff_r20 seed=3329 impact=-0.2933 EXT | 227.4min elapsed, ETA 881min
    [198/960] mech_md00_ppoff_r20 seed=2781 impact=-0.0501 ok | 227.7min elapsed, ETA 876min
    [199/960] mech_md00_ppoff_r20 seed=3466 impact=+0.1256 ok | 227.8min elapsed, ETA 871min
    [200/960] mech_md00_ppoff_r20 seed=3603 impact=-0.0555 ok | 229.8min elapsed, ETA 873min
    [201/960] mech_md00_ppoff_r20 seed=3877 impact=-0.1431 EXT | 229.9min elapsed, ETA 868min
    [202/960] mech_md00_ppoff_r20 seed=3740 impact=-0.0051 ok | 230.3min elapsed, ETA 864min
    [203/960] mech_md00_ppoff_r20 seed=4151 impact=+0.0992 ok | 231.8min elapsed, ETA 864min
    [204/960] mech_md00_ppoff_r20 seed=4288 impact=+0.0428 ok | 232.1min elapsed, ETA 860min
    [205/960] mech_md00_ppoff_r20 seed=4014 impact=+0.1172 ok | 232.4min elapsed, ETA 856min
    [206/960] mech_md00_ppoff_r20 seed=4562 impact=+0.0836 ok | 232.4min elapsed, ETA 851min
    [207/960] mech_md00_ppoff_r20 seed=4836 impact=+0.1286 ok | 235.0min elapsed, ETA 855min
    [208/960] mech_md00_ppoff_r20 seed=4699 impact=-0.0360 ok | 235.3min elapsed, ETA 851min
    [209/960] mech_md00_ppoff_r20 seed=4425 impact=+0.0257 ok | 236.2min elapsed, ETA 849min
    [210/960] mech_md00_ppoff_r30 seed=1411 impact=+0.1575 ok | 236.3min elapsed, ETA 844min
    [211/960] mech_md00_ppoff_r30 seed=1137 impact=-0.0859 ok | 236.3min elapsed, ETA 839min
    [212/960] mech_md00_ppoff_r30 seed=1274 impact=+0.1783 ok | 237.1min elapsed, ETA 836min
    [213/960] mech_md00_ppoff_r30 seed=1000 impact=+0.0770 ok | 238.1min elapsed, ETA 835min
    [214/960] mech_md00_ppoff_r30 seed=1822 impact=+0.1068 ok | 238.6min elapsed, ETA 832min
    [215/960] mech_md00_ppoff_r30 seed=1685 impact=+0.0320 ok | 239.3min elapsed, ETA 829min
    [216/960] mech_md00_ppoff_r20 seed=4973 impact=+0.0745 ok | 239.5min elapsed, ETA 825min
    [217/960] mech_md00_ppoff_r30 seed=1959 impact=+0.0081 ok | 240.3min elapsed, ETA 823min
    [218/960] mech_md00_ppoff_r30 seed=1548 impact=-0.0612 ok | 241.2min elapsed, ETA 821min
    [219/960] mech_md00_ppoff_r30 seed=2096 impact=+0.0331 ok | 241.2min elapsed, ETA 816min
    [220/960] mech_md00_ppoff_r30 seed=2507 impact=+0.0338 ok | 241.8min elapsed, ETA 813min
    [221/960] mech_md00_ppoff_r30 seed=2644 impact=+0.1320 ok | 241.8min elapsed, ETA 809min
    [222/960] mech_md00_ppoff_r30 seed=2233 impact=+0.1760 ok | 242.2min elapsed, ETA 805min
    [223/960] mech_md00_ppoff_r30 seed=2781 impact=-0.0437 ok | 242.8min elapsed, ETA 803min
    [224/960] mech_md00_ppoff_r30 seed=3055 impact=+0.2544 ok | 245.3min elapsed, ETA 806min
    [225/960] mech_md00_ppoff_r30 seed=3192 impact=+0.0842 ok | 245.7min elapsed, ETA 803min
    [226/960] mech_md00_ppoff_r30 seed=2370 impact=-0.0304 ok | 246.9min elapsed, ETA 802min
    [227/960] mech_md00_ppoff_r30 seed=3466 impact=+0.1387 ok | 247.3min elapsed, ETA 798min
    [228/960] mech_md00_ppoff_r30 seed=3740 impact=-0.0050 ok | 247.4min elapsed, ETA 794min
    [229/960] mech_md00_ppoff_r30 seed=2918 impact=+0.1020 ok | 248.0min elapsed, ETA 792min
    [230/960] mech_md00_ppoff_r30 seed=3877 impact=+0.0301 ok | 248.2min elapsed, ETA 788min
    [231/960] mech_md00_ppoff_r30 seed=3329 impact=-0.0249 ok | 248.5min elapsed, ETA 784min
    [232/960] mech_md00_ppoff_r30 seed=4151 impact=+0.1153 ok | 248.5min elapsed, ETA 780min
    [233/960] mech_md00_ppoff_r30 seed=4288 impact=-0.1108 EXT | 249.4min elapsed, ETA 778min
    [234/960] mech_md00_ppoff_r30 seed=4014 impact=+0.0155 ok | 250.3min elapsed, ETA 777min
    [235/960] mech_md00_ppoff_r30 seed=3603 impact=-0.0172 ok | 250.6min elapsed, ETA 773min
    [236/960] mech_md00_ppoff_r30 seed=4425 impact=+0.0496 ok | 456.9min elapsed, ETA 1402min
    [237/960] mech_md25_ppon_r05 seed=1411 impact=-0.0280 EXT | 458.0min elapsed, ETA 1397min
    [238/960] mech_md00_ppoff_r30 seed=4562 impact=+0.0386 ok | 458.3min elapsed, ETA 1390min
    [239/960] mech_md25_ppon_r05 seed=1137 impact=-0.1710 EXT | 458.6min elapsed, ETA 1383min
    [240/960] mech_md00_ppoff_r30 seed=4836 impact=+0.0828 ok | 458.6min elapsed, ETA 1376min
    [241/960] mech_md25_ppon_r05 seed=1548 impact=-0.1297 EXT | 458.9min elapsed, ETA 1369min
    [242/960] mech_md25_ppon_r05 seed=1274 impact=+0.1407 ok | 460.1min elapsed, ETA 1365min
    [243/960] mech_md25_ppon_r05 seed=1685 impact=-0.0820 EXT | 461.9min elapsed, ETA 1363min
    [244/960] mech_md00_ppoff_r30 seed=4973 impact=+0.0386 ok | 462.0min elapsed, ETA 1356min
    [245/960] mech_md00_ppoff_r30 seed=4699 impact=+0.0083 ok | 462.3min elapsed, ETA 1349min
    [246/960] mech_md25_ppon_r05 seed=1000 impact=+0.0261 ok | 462.4min elapsed, ETA 1342min
    [247/960] mech_md25_ppon_r05 seed=1822 impact=-0.0270 EXT | 462.8min elapsed, ETA 1336min
    [248/960] mech_md25_ppon_r05 seed=2096 impact=+0.0034 ok | 464.0min elapsed, ETA 1332min
    [249/960] mech_md25_ppon_r05 seed=1959 impact=-0.1037 EXT | 464.7min elapsed, ETA 1327min
    [250/960] mech_md25_ppon_r05 seed=2781 impact=-0.0253 ok | 467.0min elapsed, ETA 1326min
    [251/960] mech_md25_ppon_r05 seed=2644 impact=-0.0584 EXT | 467.2min elapsed, ETA 1320min
    [252/960] mech_md25_ppon_r05 seed=2370 impact=-0.2425 EXT | 467.6min elapsed, ETA 1314min
    [253/960] mech_md25_ppon_r05 seed=2233 impact=+0.1227 ok | 467.7min elapsed, ETA 1307min
    [254/960] mech_md25_ppon_r05 seed=2507 impact=-0.1122 ok | 467.8min elapsed, ETA 1300min
    [255/960] mech_md25_ppon_r05 seed=2918 impact=-0.0136 EXT | 469.1min elapsed, ETA 1297min
    [256/960] mech_md25_ppon_r05 seed=3055 impact=+0.2407 ok | 469.1min elapsed, ETA 1290min
    [257/960] mech_md25_ppon_r05 seed=3192 impact=+0.1010 ok | 469.8min elapsed, ETA 1285min
    [258/960] mech_md25_ppon_r05 seed=3466 impact=+0.1016 ok | 470.2min elapsed, ETA 1279min
    [259/960] mech_md25_ppon_r05 seed=3740 impact=-0.1417 EXT | 470.8min elapsed, ETA 1274min
    [260/960] mech_md25_ppon_r05 seed=3329 impact=+0.0505 ok | 471.0min elapsed, ETA 1268min
    [261/960] mech_md25_ppon_r05 seed=3603 impact=+0.0105 ok | 472.1min elapsed, ETA 1264min
    [262/960] mech_md25_ppon_r05 seed=4425 impact=-0.2104 EXT | 474.2min elapsed, ETA 1263min
    [263/960] mech_md25_ppon_r05 seed=4288 impact=-0.0484 ok | 474.2min elapsed, ETA 1257min
    [264/960] mech_md25_ppon_r05 seed=4151 impact=-0.0923 EXT | 474.5min elapsed, ETA 1251min
    [265/960] mech_md25_ppon_r05 seed=4562 impact=-0.0445 EXT | 475.6min elapsed, ETA 1247min
    [266/960] mech_md25_ppon_r05 seed=4699 impact=-0.1491 EXT | 476.1min elapsed, ETA 1242min
    [267/960] mech_md25_ppon_r05 seed=3877 impact=-0.2222 EXT | 476.2min elapsed, ETA 1236min
    [268/960] mech_md25_ppon_r05 seed=4014 impact=-0.3160 EXT | 478.2min elapsed, ETA 1235min
    [269/960] mech_md25_ppon_r10 seed=1274 impact=+0.0911 ok | 479.3min elapsed, ETA 1231min
    [270/960] mech_md25_ppon_r10 seed=1548 impact=-0.0128 ok | 479.5min elapsed, ETA 1225min
    [271/960] mech_md25_ppon_r10 seed=1137 impact=-0.1800 EXT | 479.6min elapsed, ETA 1219min
    [272/960] mech_md25_ppon_r10 seed=1000 impact=-0.0157 ok | 480.1min elapsed, ETA 1214min
    [273/960] mech_md25_ppon_r10 seed=1411 impact=-0.0215 EXT | 480.1min elapsed, ETA 1208min
    [274/960] mech_md25_ppon_r05 seed=4836 impact=+0.0958 ok | 480.5min elapsed, ETA 1203min
    [275/960] mech_md25_ppon_r05 seed=4973 impact=-0.0119 ok | 480.5min elapsed, ETA 1197min
    [276/960] mech_md25_ppon_r10 seed=1685 impact=+0.0877 ok | 480.6min elapsed, ETA 1191min
    [277/960] mech_md25_ppon_r10 seed=1822 impact=-0.0886 EXT | 481.6min elapsed, ETA 1187min
    [278/960] mech_md25_ppon_r10 seed=2096 impact=+0.0644 ok | 484.6min elapsed, ETA 1189min
    [279/960] mech_md25_ppon_r10 seed=2507 impact=-0.0833 ok | 485.2min elapsed, ETA 1184min
    [280/960] mech_md25_ppon_r10 seed=1959 impact=-0.0631 ok | 485.3min elapsed, ETA 1179min
    [281/960] mech_md25_ppon_r10 seed=2781 impact=-0.1648 EXT | 485.5min elapsed, ETA 1173min
    [282/960] mech_md25_ppon_r10 seed=3329 impact=-0.0738 EXT | 486.5min elapsed, ETA 1170min
    [283/960] mech_md25_ppon_r10 seed=2918 impact=+0.1453 ok | 487.0min elapsed, ETA 1165min
    [284/960] mech_md25_ppon_r10 seed=2233 impact=-0.2026 EXT | 487.1min elapsed, ETA 1159min
    [285/960] mech_md25_ppon_r10 seed=2644 impact=-0.2135 EXT | 487.1min elapsed, ETA 1154min
    [286/960] mech_md25_ppon_r10 seed=3192 impact=+0.1736 ok | 487.4min elapsed, ETA 1149min
    [287/960] mech_md25_ppon_r10 seed=3466 impact=-0.0164 EXT | 487.8min elapsed, ETA 1144min
    [288/960] mech_md25_ppon_r10 seed=3055 impact=+0.1308 ok | 488.2min elapsed, ETA 1139min
    [289/960] mech_md25_ppon_r10 seed=2370 impact=+0.0148 ok | 489.1min elapsed, ETA 1136min
    [290/960] mech_md25_ppon_r10 seed=3603 impact=-0.1132 ok | 491.1min elapsed, ETA 1135min
    [291/960] mech_md25_ppon_r10 seed=3740 impact=-0.1484 ok | 491.3min elapsed, ETA 1130min
    [292/960] mech_md25_ppon_r10 seed=3877 impact=+0.0297 ok | 491.8min elapsed, ETA 1125min
    [293/960] mech_md25_ppon_r10 seed=4151 impact=-0.2832 EXT | 492.3min elapsed, ETA 1121min
    [294/960] mech_md25_ppon_r10 seed=4014 impact=+0.0248 ok | 493.6min elapsed, ETA 1118min
    [295/960] mech_md25_ppon_r10 seed=4836 impact=+0.1028 ok | 494.2min elapsed, ETA 1114min
    [296/960] mech_md25_ppon_r10 seed=4425 impact=+0.0591 ok | 495.0min elapsed, ETA 1110min
    [297/960] mech_md25_ppon_r10 seed=4288 impact=-0.0484 ok | 495.0min elapsed, ETA 1105min
    [298/960] mech_md25_ppon_r10 seed=4562 impact=+0.1196 ok | 496.4min elapsed, ETA 1103min
    [299/960] mech_md25_ppon_r10 seed=4699 impact=+0.0381 ok | 496.5min elapsed, ETA 1098min
    [300/960] mech_md25_ppon_r20 seed=1137 impact=-0.0274 ok | 496.8min elapsed, ETA 1093min
    [301/960] mech_md25_ppon_r20 seed=1548 impact=+0.0248 ok | 497.4min elapsed, ETA 1089min
    [302/960] mech_md25_ppon_r20 seed=1411 impact=+0.0893 ok | 497.6min elapsed, ETA 1084min
    [303/960] mech_md25_ppon_r20 seed=1000 impact=+0.0795 ok | 498.8min elapsed, ETA 1081min
    [304/960] mech_md25_ppon_r20 seed=1274 impact=+0.1026 ok | 498.8min elapsed, ETA 1076min
    [305/960] mech_md25_ppon_r20 seed=1685 impact=+0.1017 ok | 499.6min elapsed, ETA 1073min
    [306/960] mech_md25_ppon_r10 seed=4973 impact=-0.0579 ok | 500.0min elapsed, ETA 1069min
    [307/960] mech_md25_ppon_r20 seed=1822 impact=+0.0020 ok | 500.8min elapsed, ETA 1065min
    [308/960] mech_md25_ppon_r20 seed=2507 impact=-0.2987 EXT | 501.8min elapsed, ETA 1062min
    [309/960] mech_md25_ppon_r20 seed=2644 impact=+0.0899 ok | 502.7min elapsed, ETA 1059min
    [310/960] mech_md25_ppon_r20 seed=2781 impact=+0.0079 ok | 503.1min elapsed, ETA 1055min
    [311/960] mech_md25_ppon_r20 seed=2096 impact=-0.0196 ok | 503.6min elapsed, ETA 1051min
    [312/960] mech_md25_ppon_r20 seed=1959 impact=-0.0494 ok | 503.9min elapsed, ETA 1047min
    [313/960] mech_md25_ppon_r20 seed=2233 impact=+0.1702 ok | 504.6min elapsed, ETA 1043min
    [314/960] mech_md25_ppon_r20 seed=3192 impact=+0.0050 EXT | 504.7min elapsed, ETA 1038min
    [315/960] mech_md25_ppon_r20 seed=2370 impact=+0.0076 ok | 505.0min elapsed, ETA 1034min
    [316/960] mech_md25_ppon_r20 seed=3055 impact=+0.1760 ok | 505.6min elapsed, ETA 1030min
    [317/960] mech_md25_ppon_r20 seed=3329 impact=+0.0262 ok | 506.3min elapsed, ETA 1027min
    [318/960] mech_md25_ppon_r20 seed=3466 impact=+0.1447 ok | 507.5min elapsed, ETA 1024min
    [319/960] mech_md25_ppon_r20 seed=2918 impact=+0.0891 ok | 507.7min elapsed, ETA 1020min
    [320/960] mech_md25_ppon_r20 seed=3603 impact=-0.0069 ok | 508.7min elapsed, ETA 1017min
    [321/960] mech_md25_ppon_r20 seed=3877 impact=+0.0008 ok | 509.0min elapsed, ETA 1013min
    [322/960] mech_md25_ppon_r20 seed=3740 impact=-0.1273 ok | 509.7min elapsed, ETA 1010min
    [323/960] mech_md25_ppon_r20 seed=4425 impact=+0.0538 ok | 511.6min elapsed, ETA 1009min
    [324/960] mech_md25_ppon_r20 seed=4151 impact=+0.1034 ok | 511.8min elapsed, ETA 1005min
    [325/960] mech_md25_ppon_r20 seed=4288 impact=-0.0288 ok | 512.9min elapsed, ETA 1002min
    [326/960] mech_md25_ppon_r20 seed=4699 impact=-0.0118 ok | 513.0min elapsed, ETA 998min
    [327/960] mech_md25_ppon_r20 seed=4014 impact=-0.0093 ok | 513.2min elapsed, ETA 993min
    [328/960] mech_md25_ppon_r20 seed=4836 impact=+0.0576 ok | 514.8min elapsed, ETA 992min
    [329/960] mech_md25_ppon_r20 seed=4562 impact=+0.0669 ok | 514.8min elapsed, ETA 987min
    [330/960] mech_md25_ppon_r30 seed=1137 impact=-0.0493 ok | 514.9min elapsed, ETA 983min
    [331/960] mech_md25_ppon_r20 seed=4973 impact=+0.0105 ok | 516.1min elapsed, ETA 981min
    [332/960] mech_md25_ppon_r30 seed=1274 impact=+0.1282 ok | 516.2min elapsed, ETA 976min
    [333/960] mech_md25_ppon_r30 seed=1411 impact=+0.1355 ok | 517.3min elapsed, ETA 974min
    [334/960] mech_md25_ppon_r30 seed=1000 impact=+0.0851 ok | 518.0min elapsed, ETA 971min
    [335/960] mech_md25_ppon_r30 seed=1822 impact=+0.0963 ok | 518.7min elapsed, ETA 968min
    [336/960] mech_md25_ppon_r30 seed=1548 impact=-0.0791 ok | 519.1min elapsed, ETA 964min
    [337/960] mech_md25_ppon_r30 seed=2096 impact=+0.0102 ok | 519.5min elapsed, ETA 960min
    [338/960] mech_md25_ppon_r30 seed=1685 impact=+0.0248 ok | 520.1min elapsed, ETA 957min
    [339/960] mech_md25_ppon_r30 seed=1959 impact=-0.0271 ok | 521.6min elapsed, ETA 955min
    [340/960] mech_md25_ppon_r30 seed=2781 impact=-0.0510 ok | 521.9min elapsed, ETA 952min
    [341/960] mech_md25_ppon_r30 seed=2644 impact=+0.0796 ok | 522.4min elapsed, ETA 948min
    [342/960] mech_md25_ppon_r30 seed=2370 impact=+0.0768 ok | 523.1min elapsed, ETA 945min
    [343/960] mech_md25_ppon_r30 seed=2507 impact=-0.0677 ok | 523.3min elapsed, ETA 941min
    [344/960] mech_md25_ppon_r30 seed=2233 impact=+0.1709 ok | 523.9min elapsed, ETA 938min
    [345/960] mech_md25_ppon_r30 seed=3192 impact=+0.0774 ok | 524.6min elapsed, ETA 935min
    [346/960] mech_md25_ppon_r30 seed=3055 impact=+0.2159 ok | 525.1min elapsed, ETA 932min
    [347/960] mech_md25_ppon_r30 seed=2918 impact=+0.0658 ok | 525.2min elapsed, ETA 928min
    [348/960] mech_md25_ppon_r30 seed=3329 impact=+0.0498 ok | 605.5min elapsed, ETA 1065min
    [349/960] mech_md25_ppon_r30 seed=3466 impact=+0.1502 ok | 605.6min elapsed, ETA 1060min
    [350/960] mech_md25_ppon_r30 seed=3603 impact=-0.0650 ok | 606.0min elapsed, ETA 1056min
    [351/960] mech_md25_ppon_r30 seed=3740 impact=-0.0652 ok | 607.6min elapsed, ETA 1054min
    [352/960] mech_md25_ppon_r30 seed=3877 impact=+0.0579 ok | 607.6min elapsed, ETA 1050min
    [353/960] mech_md25_ppon_r30 seed=4288 impact=-0.0614 EXT | 608.6min elapsed, ETA 1047min
    [354/960] mech_md25_ppon_r30 seed=4151 impact=+0.1199 ok | 609.8min elapsed, ETA 1044min
    [355/960] mech_md25_ppon_r30 seed=4562 impact=+0.0978 ok | 610.8min elapsed, ETA 1041min
    [356/960] mech_md25_ppon_r30 seed=4014 impact=+0.0722 ok | 611.1min elapsed, ETA 1037min
    [357/960] mech_md25_ppon_r30 seed=4836 impact=+0.1172 ok | 611.8min elapsed, ETA 1033min
    [358/960] mech_md25_ppoff_r05 seed=1137 impact=-0.1208 ok | 612.6min elapsed, ETA 1030min
    [359/960] mech_md25_ppon_r30 seed=4425 impact=-0.0354 ok | 613.4min elapsed, ETA 1027min
    [360/960] mech_md25_ppon_r30 seed=4699 impact=-0.0470 ok | 614.3min elapsed, ETA 1024min
    [361/960] mech_md25_ppoff_r05 seed=1411 impact=+0.1516 ok | 614.4min elapsed, ETA 1019min
    [362/960] mech_md25_ppoff_r05 seed=1274 impact=+0.1528 ok | 614.4min elapsed, ETA 1015min
    [363/960] mech_md25_ppoff_r05 seed=1000 impact=+0.0071 ok | 615.4min elapsed, ETA 1012min
    [364/960] mech_md25_ppoff_r05 seed=1685 impact=+0.0689 ok | 616.7min elapsed, ETA 1010min
    [365/960] mech_md25_ppoff_r05 seed=1548 impact=-0.1297 EXT | 616.9min elapsed, ETA 1006min
    [366/960] mech_md25_ppoff_r05 seed=1822 impact=-0.1683 EXT | 617.0min elapsed, ETA 1001min
    [367/960] mech_md25_ppoff_r05 seed=2096 impact=+0.0186 ok | 617.1min elapsed, ETA 997min
    [368/960] mech_md25_ppon_r30 seed=4973 impact=+0.0534 ok | 617.3min elapsed, ETA 993min
    [369/960] mech_md25_ppoff_r05 seed=1959 impact=-0.0088 ok | 619.2min elapsed, ETA 992min
    [370/960] mech_md25_ppoff_r05 seed=2370 impact=+0.0198 ok | 619.8min elapsed, ETA 988min
    [371/960] mech_md25_ppoff_r05 seed=2781 impact=-0.0897 ok | 621.3min elapsed, ETA 986min
    [372/960] mech_md25_ppoff_r05 seed=2233 impact=+0.1139 ok | 621.4min elapsed, ETA 982min
    [373/960] mech_md25_ppoff_r05 seed=2644 impact=+0.1552 ok | 621.9min elapsed, ETA 979min
    [374/960] mech_md25_ppoff_r05 seed=2507 impact=-0.0104 ok | 622.0min elapsed, ETA 975min
    [375/960] mech_md25_ppoff_r05 seed=2918 impact=+0.0571 ok | 622.6min elapsed, ETA 971min
    [376/960] mech_md25_ppoff_r05 seed=3603 impact=-0.0383 ok | 622.8min elapsed, ETA 967min
    [377/960] mech_md25_ppoff_r05 seed=3329 impact=-0.0336 ok | 622.9min elapsed, ETA 963min
    [378/960] mech_md25_ppoff_r05 seed=3055 impact=+0.2522 ok | 622.9min elapsed, ETA 959min
    [379/960] mech_md25_ppoff_r05 seed=3466 impact=+0.1158 ok | 622.9min elapsed, ETA 955min
    [380/960] mech_md25_ppoff_r05 seed=3877 impact=-0.0917 EXT | 625.0min elapsed, ETA 954min
    [381/960] mech_md25_ppoff_r05 seed=3192 impact=-0.0618 EXT | 625.1min elapsed, ETA 950min
    [382/960] mech_md25_ppoff_r05 seed=3740 impact=-0.0822 ok | 625.7min elapsed, ETA 947min
    [383/960] mech_md25_ppoff_r05 seed=4151 impact=+0.1181 ok | 627.1min elapsed, ETA 945min
    [384/960] mech_md25_ppoff_r05 seed=4014 impact=-0.1072 EXT | 627.9min elapsed, ETA 942min
    [385/960] mech_md25_ppoff_r05 seed=4562 impact=+0.1062 ok | 628.3min elapsed, ETA 938min
    [386/960] mech_md25_ppoff_r05 seed=4836 impact=+0.1608 ok | 628.6min elapsed, ETA 935min
    [387/960] mech_md25_ppoff_r05 seed=4425 impact=-0.0135 ok | 629.4min elapsed, ETA 932min
    [388/960] mech_md25_ppoff_r05 seed=4288 impact=-0.0053 ok | 629.5min elapsed, ETA 928min
    [389/960] mech_md25_ppoff_r10 seed=1000 impact=+0.0820 ok | 629.9min elapsed, ETA 925min
    [390/960] mech_md25_ppoff_r10 seed=1411 impact=+0.0280 EXT | 660.6min elapsed, ETA 965min
    [391/960] mech_md25_ppoff_r10 seed=1137 impact=-0.0060 ok | 660.9min elapsed, ETA 962min
    [392/960] mech_md25_ppoff_r05 seed=4699 impact=-0.1485 EXT | 661.1min elapsed, ETA 958min
    [393/960] mech_md25_ppoff_r10 seed=1548 impact=-0.0229 ok | 662.0min elapsed, ETA 955min
    [394/960] mech_md25_ppoff_r05 seed=4973 impact=+0.0329 ok | 662.1min elapsed, ETA 951min
    [395/960] mech_md25_ppoff_r10 seed=1274 impact=+0.1431 ok | 663.2min elapsed, ETA 949min
    [396/960] mech_md25_ppoff_r10 seed=1822 impact=-0.1726 EXT | 664.0min elapsed, ETA 946min
    [397/960] mech_md25_ppoff_r10 seed=2096 impact=+0.0405 ok | 665.3min elapsed, ETA 944min
    [398/960] mech_md25_ppoff_r10 seed=2644 impact=-0.3717 EXT | 665.8min elapsed, ETA 940min
    [399/960] mech_md25_ppoff_r10 seed=1685 impact=+0.0649 ok | 666.5min elapsed, ETA 937min
    [400/960] mech_md25_ppoff_r10 seed=1959 impact=-0.0792 ok | 667.0min elapsed, ETA 934min
    [401/960] mech_md25_ppoff_r10 seed=2781 impact=-0.0713 ok | 667.0min elapsed, ETA 930min
    [402/960] mech_md25_ppoff_r10 seed=2507 impact=-0.4383 EXT | 667.8min elapsed, ETA 927min
    [403/960] mech_md25_ppoff_r10 seed=3055 impact=+0.1453 ok | 668.1min elapsed, ETA 923min
    [404/960] mech_md25_ppoff_r10 seed=3192 impact=+0.1550 ok | 668.2min elapsed, ETA 920min
    [405/960] mech_md25_ppoff_r10 seed=2233 impact=+0.0454 EXT | 668.3min elapsed, ETA 916min
    [406/960] mech_md25_ppoff_r10 seed=2918 impact=-0.1666 EXT | 669.5min elapsed, ETA 914min
    [407/960] mech_md25_ppoff_r10 seed=2370 impact=+0.0317 ok | 670.5min elapsed, ETA 911min
    [408/960] mech_md25_ppoff_r10 seed=3329 impact=-0.0525 ok | 670.7min elapsed, ETA 907min
    [409/960] mech_md25_ppoff_r10 seed=3466 impact=+0.0829 EXT | 671.2min elapsed, ETA 904min
    [410/960] mech_md25_ppoff_r10 seed=3603 impact=-0.1021 ok | 672.0min elapsed, ETA 902min
    [411/960] mech_md25_ppoff_r10 seed=3877 impact=-0.0854 EXT | 672.3min elapsed, ETA 898min
    [412/960] mech_md25_ppoff_r10 seed=4425 impact=+0.0478 ok | 673.7min elapsed, ETA 896min
    [413/960] mech_md25_ppoff_r10 seed=4014 impact=-0.0172 ok | 674.1min elapsed, ETA 893min
    [414/960] mech_md25_ppoff_r10 seed=4288 impact=-0.0630 ok | 674.1min elapsed, ETA 889min
    [415/960] mech_md25_ppoff_r10 seed=3740 impact=-0.0680 ok | 674.2min elapsed, ETA 885min
    [416/960] mech_md25_ppoff_r10 seed=4562 impact=+0.0014 EXT | 675.5min elapsed, ETA 883min
    [417/960] mech_md25_ppoff_r10 seed=4151 impact=+0.0843 ok | 675.7min elapsed, ETA 880min
    [418/960] mech_md25_ppoff_r10 seed=4699 impact=-0.0335 ok | 676.2min elapsed, ETA 877min
    [419/960] mech_md25_ppoff_r10 seed=4836 impact=+0.1256 ok | 682.5min elapsed, ETA 881min
    [420/960] mech_md25_ppoff_r20 seed=1000 impact=+0.1088 ok | 682.7min elapsed, ETA 878min
    [421/960] mech_md25_ppoff_r10 seed=4973 impact=+0.0777 ok | 683.6min elapsed, ETA 875min
    [422/960] mech_md25_ppoff_r20 seed=1274 impact=+0.1579 ok | 683.7min elapsed, ETA 872min
    [423/960] mech_md25_ppoff_r20 seed=1411 impact=+0.1257 ok | 683.8min elapsed, ETA 868min
    [424/960] mech_md25_ppoff_r20 seed=1137 impact=-0.0834 ok | 684.2min elapsed, ETA 865min
    [425/960] mech_md25_ppoff_r20 seed=1685 impact=+0.0400 ok | 685.2min elapsed, ETA 863min
    [426/960] mech_md25_ppoff_r20 seed=2096 impact=-0.2235 EXT | 686.0min elapsed, ETA 860min
    [427/960] mech_md25_ppoff_r20 seed=1548 impact=-0.0166 ok | 686.1min elapsed, ETA 856min
    [428/960] mech_md25_ppoff_r20 seed=1822 impact=+0.0468 ok | 686.7min elapsed, ETA 854min
    [429/960] mech_md25_ppoff_r20 seed=2233 impact=+0.1061 ok | 688.5min elapsed, ETA 852min
    [430/960] mech_md25_ppoff_r20 seed=2507 impact=-0.0393 ok | 688.8min elapsed, ETA 849min
    [431/960] mech_md25_ppoff_r20 seed=2370 impact=-0.0075 ok | 689.4min elapsed, ETA 846min
    [432/960] mech_md25_ppoff_r20 seed=2781 impact=-0.0670 ok | 689.6min elapsed, ETA 843min
    [433/960] mech_md25_ppoff_r20 seed=1959 impact=+0.0521 ok | 690.5min elapsed, ETA 840min
    [434/960] mech_md25_ppoff_r20 seed=3192 impact=+0.0978 ok | 690.9min elapsed, ETA 837min
    [435/960] mech_md25_ppoff_r20 seed=2918 impact=+0.0834 ok | 691.2min elapsed, ETA 834min
    [436/960] mech_md25_ppoff_r20 seed=2644 impact=+0.1446 ok | 691.4min elapsed, ETA 831min
    [437/960] mech_md25_ppoff_r20 seed=3329 impact=-0.0240 ok | 693.7min elapsed, ETA 830min
    [438/960] mech_md25_ppoff_r20 seed=3877 impact=+0.0550 ok | 694.6min elapsed, ETA 828min
    [439/960] mech_md25_ppoff_r20 seed=3740 impact=-0.1309 ok | 694.6min elapsed, ETA 824min
    [440/960] mech_md25_ppoff_r20 seed=3055 impact=+0.2063 ok | 694.7min elapsed, ETA 821min
    [441/960] mech_md25_ppoff_r20 seed=4151 impact=+0.1099 ok | 695.7min elapsed, ETA 819min
    [442/960] mech_md25_ppoff_r20 seed=4014 impact=-0.0674 EXT | 696.7min elapsed, ETA 816min
    [443/960] mech_md25_ppoff_r20 seed=3603 impact=-0.0730 ok | 696.7min elapsed, ETA 813min
    [444/960] mech_md25_ppoff_r20 seed=4562 impact=+0.1135 ok | 697.0min elapsed, ETA 810min
    [445/960] mech_md25_ppoff_r20 seed=4425 impact=-0.0017 ok | 697.4min elapsed, ETA 807min
    [446/960] mech_md25_ppoff_r20 seed=3466 impact=+0.1203 ok | 697.5min elapsed, ETA 804min
    [447/960] mech_md25_ppoff_r20 seed=4699 impact=-0.0291 ok | 698.3min elapsed, ETA 801min
    [448/960] mech_md25_ppoff_r20 seed=4288 impact=+0.0583 ok | 699.1min elapsed, ETA 799min
    [449/960] mech_md25_ppoff_r30 seed=1137 impact=-0.0658 ok | 701.4min elapsed, ETA 798min
    [450/960] mech_md25_ppoff_r30 seed=1000 impact=+0.0331 ok | 702.1min elapsed, ETA 796min
    [451/960] mech_md25_ppoff_r30 seed=1411 impact=+0.1121 ok | 702.3min elapsed, ETA 793min
    [452/960] mech_md25_ppoff_r30 seed=1274 impact=+0.1170 ok | 702.6min elapsed, ETA 790min
    [453/960] mech_md25_ppoff_r30 seed=1548 impact=+0.0191 ok | 702.8min elapsed, ETA 787min
    [454/960] mech_md25_ppoff_r20 seed=4836 impact=+0.1061 ok | 703.1min elapsed, ETA 784min
    [455/960] mech_md25_ppoff_r20 seed=4973 impact=-0.0195 ok | 703.5min elapsed, ETA 781min
    [456/960] mech_md25_ppoff_r30 seed=1822 impact=+0.0863 ok | 703.9min elapsed, ETA 778min
    [457/960] mech_md25_ppoff_r30 seed=2233 impact=+0.1898 ok | 705.3min elapsed, ETA 776min
    [458/960] mech_md25_ppoff_r30 seed=1685 impact=+0.0872 ok | 705.3min elapsed, ETA 773min
    [459/960] mech_md25_ppoff_r30 seed=1959 impact=-0.0526 ok | 706.9min elapsed, ETA 772min
    [460/960] mech_md25_ppoff_r30 seed=2096 impact=-0.0195 ok | 708.0min elapsed, ETA 770min
    [461/960] mech_md25_ppoff_r30 seed=2644 impact=+0.1362 ok | 708.0min elapsed, ETA 766min
    [462/960] mech_md25_ppoff_r30 seed=2507 impact=-0.0025 ok | 708.9min elapsed, ETA 764min
    [463/960] mech_md25_ppoff_r30 seed=3192 impact=+0.1303 ok | 709.2min elapsed, ETA 761min
    [464/960] mech_md25_ppoff_r30 seed=2781 impact=-0.0979 ok | 709.3min elapsed, ETA 758min
    [465/960] mech_md25_ppoff_r30 seed=2918 impact=+0.0589 ok | 709.9min elapsed, ETA 756min
    [466/960] mech_md25_ppoff_r30 seed=3329 impact=-0.0006 ok | 710.3min elapsed, ETA 753min
    [467/960] mech_md25_ppoff_r30 seed=3466 impact=+0.0891 ok | 711.8min elapsed, ETA 751min
    [468/960] mech_md25_ppoff_r30 seed=2370 impact=+0.0573 ok | 712.1min elapsed, ETA 749min
    [469/960] mech_md25_ppoff_r30 seed=3740 impact=-0.0556 ok | 713.1min elapsed, ETA 747min
    [470/960] mech_md25_ppoff_r30 seed=3055 impact=+0.2103 ok | 714.3min elapsed, ETA 745min
    [471/960] mech_md25_ppoff_r30 seed=4288 impact=+0.0069 ok | 714.9min elapsed, ETA 742min
    [472/960] mech_md25_ppoff_r30 seed=4425 impact=+0.0150 ok | 715.5min elapsed, ETA 740min
    [473/960] mech_md25_ppoff_r30 seed=4151 impact=+0.0988 ok | 715.6min elapsed, ETA 737min
    [474/960] mech_md25_ppoff_r30 seed=4562 impact=+0.0361 EXT | 715.6min elapsed, ETA 734min
    [475/960] mech_md25_ppoff_r30 seed=3603 impact=-0.0734 ok | 715.8min elapsed, ETA 731min
    [476/960] mech_md25_ppoff_r30 seed=4014 impact=+0.0452 ok | 716.5min elapsed, ETA 728min
    [477/960] mech_md25_ppoff_r30 seed=3877 impact=+0.0227 ok | 716.6min elapsed, ETA 726min
    [478/960] mech_md25_ppoff_r30 seed=4699 impact=+0.0097 ok | 717.3min elapsed, ETA 723min
    [479/960] mech_md25_ppoff_r30 seed=4836 impact=+0.1056 ok | 717.8min elapsed, ETA 721min
    [480/960] mech_md50_ppon_r05 seed=1000 impact=-0.0197 EXT | 720.0min elapsed, ETA 720min
    [481/960] mech_md50_ppon_r05 seed=1411 impact=-0.0159 EXT | 720.3min elapsed, ETA 717min
    [482/960] mech_md50_ppon_r05 seed=1548 impact=+0.0210 ok | 720.6min elapsed, ETA 715min
    [483/960] mech_md50_ppon_r05 seed=1137 impact=-0.1516 EXT | 721.2min elapsed, ETA 712min
    [484/960] mech_md50_ppon_r05 seed=1274 impact=+0.1441 ok | 721.5min elapsed, ETA 710min
    [485/960] mech_md25_ppoff_r30 seed=4973 impact=+0.0217 ok | 721.8min elapsed, ETA 707min
    [486/960] mech_md50_ppon_r05 seed=1685 impact=+0.0733 ok | 722.0min elapsed, ETA 704min
    [487/960] mech_md50_ppon_r05 seed=2096 impact=-0.0714 ok | 722.1min elapsed, ETA 701min
    [488/960] mech_md50_ppon_r05 seed=1822 impact=-0.1529 EXT | 722.7min elapsed, ETA 699min
    [489/960] mech_md50_ppon_r05 seed=2233 impact=+0.2015 ok | 723.0min elapsed, ETA 696min
    [490/960] mech_md50_ppon_r05 seed=1959 impact=-0.0488 ok | 723.4min elapsed, ETA 694min
    [491/960] mech_md50_ppon_r05 seed=2644 impact=+0.1121 ok | 748.1min elapsed, ETA 715min
    [492/960] mech_md50_ppon_r05 seed=2370 impact=+0.0173 ok | 748.3min elapsed, ETA 712min
    [493/960] mech_md50_ppon_r05 seed=2781 impact=+0.0034 ok | 748.8min elapsed, ETA 709min
    [494/960] mech_md50_ppon_r05 seed=3192 impact=-0.0010 EXT | 750.2min elapsed, ETA 708min
    [495/960] mech_md50_ppon_r05 seed=3055 impact=+0.2125 ok | 750.7min elapsed, ETA 705min
    [496/960] mech_md50_ppon_r05 seed=2507 impact=-0.3112 EXT | 751.0min elapsed, ETA 703min
    [497/960] mech_md50_ppon_r05 seed=3466 impact=+0.1202 ok | 751.4min elapsed, ETA 700min
    [498/960] mech_md50_ppon_r05 seed=3603 impact=-0.0844 ok | 751.8min elapsed, ETA 697min
    [499/960] mech_md50_ppon_r05 seed=3877 impact=-0.1833 EXT | 752.1min elapsed, ETA 695min
    [500/960] mech_md50_ppon_r05 seed=3740 impact=-0.1356 ok | 752.9min elapsed, ETA 693min
    [501/960] mech_md50_ppon_r05 seed=2918 impact=-0.1558 EXT | 753.6min elapsed, ETA 690min
    [502/960] mech_md50_ppon_r05 seed=3329 impact=-0.0513 ok | 754.7min elapsed, ETA 689min
    [503/960] mech_md50_ppon_r05 seed=4288 impact=-0.1137 EXT | 754.8min elapsed, ETA 686min
    [504/960] mech_md50_ppon_r05 seed=4425 impact=-0.0342 ok | 755.8min elapsed, ETA 684min
    [505/960] mech_md50_ppon_r05 seed=4014 impact=+0.0654 ok | 756.0min elapsed, ETA 681min
    [506/960] mech_md50_ppon_r05 seed=4562 impact=+0.0940 ok | 756.1min elapsed, ETA 678min
    [507/960] mech_md50_ppon_r05 seed=4151 impact=+0.0249 EXT | 756.1min elapsed, ETA 676min
    [508/960] mech_md50_ppon_r05 seed=4836 impact=+0.0999 ok | 757.3min elapsed, ETA 674min
    [509/960] mech_md50_ppon_r10 seed=1000 impact=+0.0617 ok | 758.2min elapsed, ETA 672min
    [510/960] mech_md50_ppon_r10 seed=1137 impact=-0.0220 ok | 758.3min elapsed, ETA 669min
    [511/960] mech_md50_ppon_r05 seed=4973 impact=+0.0556 ok | 759.6min elapsed, ETA 667min
    [512/960] mech_md50_ppon_r05 seed=4699 impact=-0.1121 ok | 760.7min elapsed, ETA 666min
    [513/960] mech_md50_ppon_r10 seed=1548 impact=+0.0168 ok | 761.2min elapsed, ETA 663min
    [514/960] mech_md50_ppon_r10 seed=2096 impact=-0.0285 ok | 761.4min elapsed, ETA 661min
    [515/960] mech_md50_ppon_r10 seed=1274 impact=-0.0212 ok | 761.4min elapsed, ETA 658min
    [516/960] mech_md50_ppon_r10 seed=1822 impact=+0.1000 ok | 761.5min elapsed, ETA 655min
    [517/960] mech_md50_ppon_r10 seed=1685 impact=+0.0214 ok | 762.2min elapsed, ETA 653min
    [518/960] mech_md50_ppon_r10 seed=1411 impact=+0.0959 ok | 763.6min elapsed, ETA 652min
    [519/960] mech_md50_ppon_r10 seed=2233 impact=+0.2161 ok | 764.4min elapsed, ETA 649min
    [520/960] mech_md50_ppon_r10 seed=2507 impact=-0.1755 EXT | 764.4min elapsed, ETA 647min
    [521/960] mech_md50_ppon_r10 seed=1959 impact=+0.0261 ok | 765.0min elapsed, ETA 645min
    [522/960] mech_md50_ppon_r10 seed=2644 impact=+0.1665 ok | 765.2min elapsed, ETA 642min
    [523/960] mech_md50_ppon_r10 seed=2370 impact=-0.0119 ok | 765.4min elapsed, ETA 640min
    [524/960] mech_md50_ppon_r10 seed=3329 impact=-0.0075 ok | 768.1min elapsed, ETA 639min
    [525/960] mech_md50_ppon_r10 seed=3055 impact=+0.1212 ok | 768.5min elapsed, ETA 637min
    [526/960] mech_md50_ppon_r10 seed=3192 impact=-0.2334 EXT | 769.9min elapsed, ETA 635min
    [527/960] mech_md50_ppon_r10 seed=3877 impact=-0.4575 EXT | 770.0min elapsed, ETA 633min
    [528/960] mech_md50_ppon_r10 seed=3466 impact=+0.0912 ok | 770.1min elapsed, ETA 630min
    [529/960] mech_md50_ppon_r10 seed=2781 impact=-0.0430 ok | 770.2min elapsed, ETA 627min
    [530/960] mech_md50_ppon_r10 seed=3740 impact=-0.1052 ok | 770.5min elapsed, ETA 625min
    [531/960] mech_md50_ppon_r10 seed=2918 impact=+0.0121 EXT | 771.1min elapsed, ETA 623min
    [532/960] mech_md50_ppon_r10 seed=4151 impact=+0.0748 ok | 771.7min elapsed, ETA 621min
    [533/960] mech_md50_ppon_r10 seed=4288 impact=-0.0427 ok | 771.7min elapsed, ETA 618min
    [534/960] mech_md50_ppon_r10 seed=3603 impact=-0.0808 ok | 772.2min elapsed, ETA 616min
    [535/960] mech_md50_ppon_r10 seed=4014 impact=-0.0760 EXT | 772.6min elapsed, ETA 614min
    [536/960] mech_md50_ppon_r10 seed=4425 impact=+0.0648 ok | 773.6min elapsed, ETA 612min
    [537/960] mech_md50_ppon_r10 seed=4562 impact=+0.0226 ok | 775.6min elapsed, ETA 611min
    [538/960] mech_md50_ppon_r20 seed=1137 impact=-0.2084 EXT | 776.0min elapsed, ETA 609min
    [539/960] mech_md50_ppon_r20 seed=1548 impact=+0.0285 ok | 776.5min elapsed, ETA 607min
    [540/960] mech_md50_ppon_r10 seed=4836 impact=+0.0576 ok | 776.6min elapsed, ETA 604min
    [541/960] mech_md50_ppon_r20 seed=1000 impact=+0.0648 ok | 777.5min elapsed, ETA 602min
    [542/960] mech_md50_ppon_r10 seed=4699 impact=+0.0050 ok | 777.6min elapsed, ETA 600min
    [543/960] mech_md50_ppon_r20 seed=1411 impact=+0.1094 ok | 778.6min elapsed, ETA 598min
    [544/960] mech_md50_ppon_r20 seed=1685 impact=+0.0789 ok | 778.6min elapsed, ETA 595min
    [545/960] mech_md50_ppon_r20 seed=1822 impact=+0.0016 ok | 780.2min elapsed, ETA 594min
    [546/960] mech_md50_ppon_r20 seed=1274 impact=+0.1215 ok | 780.6min elapsed, ETA 592min
    [547/960] mech_md50_ppon_r10 seed=4973 impact=+0.0478 ok | 781.1min elapsed, ETA 590min
    [548/960] mech_md50_ppon_r20 seed=2096 impact=+0.0030 ok | 782.8min elapsed, ETA 588min
    [549/960] mech_md50_ppon_r20 seed=2644 impact=-0.0266 EXT | 783.5min elapsed, ETA 587min
    [550/960] mech_md50_ppon_r20 seed=2507 impact=-0.1185 ok | 784.2min elapsed, ETA 585min
    [551/960] mech_md50_ppon_r20 seed=1959 impact=-0.1046 ok | 785.0min elapsed, ETA 583min
    [552/960] mech_md50_ppon_r20 seed=2233 impact=+0.0927 ok | 785.2min elapsed, ETA 580min
    [553/960] mech_md50_ppon_r20 seed=2370 impact=+0.0389 ok | 786.5min elapsed, ETA 579min
    [554/960] mech_md50_ppon_r20 seed=3192 impact=+0.0636 ok | 786.6min elapsed, ETA 576min
    [555/960] mech_md50_ppon_r20 seed=3055 impact=+0.1842 ok | 787.2min elapsed, ETA 574min
    [556/960] mech_md50_ppon_r20 seed=3466 impact=+0.0950 ok | 788.4min elapsed, ETA 573min
    [557/960] mech_md50_ppon_r20 seed=2781 impact=-0.0281 ok | 788.8min elapsed, ETA 571min
    [558/960] mech_md50_ppon_r20 seed=3603 impact=-0.1060 ok | 790.0min elapsed, ETA 569min
    [559/960] mech_md50_ppon_r20 seed=3877 impact=+0.0361 ok | 790.1min elapsed, ETA 567min
    [560/960] mech_md50_ppon_r20 seed=3740 impact=-0.0180 ok | 791.2min elapsed, ETA 565min
    [561/960] mech_md50_ppon_r20 seed=4151 impact=+0.1136 ok | 791.4min elapsed, ETA 563min
    [562/960] mech_md50_ppon_r20 seed=3329 impact=-0.0456 ok | 791.7min elapsed, ETA 561min
    [563/960] mech_md50_ppon_r20 seed=2918 impact=+0.0830 ok | 792.6min elapsed, ETA 559min
    [564/960] mech_md50_ppon_r20 seed=4014 impact=-0.0678 EXT | 792.8min elapsed, ETA 557min
    [565/960] mech_md50_ppon_r20 seed=4288 impact=+0.0555 ok | 792.8min elapsed, ETA 554min
    [566/960] mech_md50_ppon_r20 seed=4425 impact=+0.0543 ok | 793.3min elapsed, ETA 552min
    [567/960] mech_md50_ppon_r20 seed=4562 impact=+0.0951 ok | 793.6min elapsed, ETA 550min
    [568/960] mech_md50_ppon_r20 seed=4699 impact=-0.0442 ok | 796.8min elapsed, ETA 550min
    [569/960] mech_md50_ppon_r30 seed=1000 impact=+0.0493 ok | 797.3min elapsed, ETA 548min
    [570/960] mech_md50_ppon_r30 seed=1274 impact=+0.0928 ok | 798.5min elapsed, ETA 546min
    [571/960] mech_md50_ppon_r20 seed=4973 impact=+0.0229 ok | 798.5min elapsed, ETA 544min
    [572/960] mech_md50_ppon_r20 seed=4836 impact=+0.0870 ok | 799.2min elapsed, ETA 542min
    [573/960] mech_md50_ppon_r30 seed=1822 impact=+0.0349 ok | 799.7min elapsed, ETA 540min
    [574/960] mech_md50_ppon_r30 seed=2096 impact=-0.0169 ok | 800.0min elapsed, ETA 538min
    [575/960] mech_md50_ppon_r30 seed=1685 impact=-0.0175 ok | 800.4min elapsed, ETA 536min
    [576/960] mech_md50_ppon_r30 seed=1411 impact=+0.0893 ok | 800.6min elapsed, ETA 534min
    [577/960] mech_md50_ppon_r30 seed=1137 impact=-0.0306 ok | 800.6min elapsed, ETA 531min
    [578/960] mech_md50_ppon_r30 seed=1959 impact=-0.0302 ok | 801.2min elapsed, ETA 530min
    [579/960] mech_md50_ppon_r30 seed=1548 impact=+0.0191 ok | 801.7min elapsed, ETA 528min
    [580/960] mech_md50_ppon_r30 seed=2233 impact=+0.0851 ok | 803.9min elapsed, ETA 527min
    [581/960] mech_md50_ppon_r30 seed=2644 impact=+0.0911 ok | 804.0min elapsed, ETA 524min
    [582/960] mech_md50_ppon_r30 seed=2370 impact=-0.0175 ok | 804.4min elapsed, ETA 522min
    [583/960] mech_md50_ppon_r30 seed=2507 impact=-0.0146 ok | 804.6min elapsed, ETA 520min
    [584/960] mech_md50_ppon_r30 seed=3192 impact=+0.0765 ok | 806.3min elapsed, ETA 519min
    [585/960] mech_md50_ppon_r30 seed=3055 impact=+0.2494 ok | 806.8min elapsed, ETA 517min
    [586/960] mech_md50_ppon_r30 seed=2918 impact=+0.0330 ok | 826.7min elapsed, ETA 528min
    [587/960] mech_md50_ppon_r30 seed=2781 impact=-0.0779 ok | 827.8min elapsed, ETA 526min
    [588/960] mech_md50_ppon_r30 seed=3466 impact=+0.0914 ok | 827.9min elapsed, ETA 524min
    [589/960] mech_md50_ppon_r30 seed=3603 impact=-0.0645 ok | 828.8min elapsed, ETA 522min
    [590/960] mech_md50_ppon_r30 seed=3740 impact=-0.0289 ok | 829.4min elapsed, ETA 520min
    [591/960] mech_md50_ppon_r30 seed=3877 impact=+0.0112 ok | 829.5min elapsed, ETA 518min
    [592/960] mech_md50_ppon_r30 seed=3329 impact=-0.0424 ok | 829.8min elapsed, ETA 516min
    [593/960] mech_md50_ppon_r30 seed=4288 impact=+0.0257 ok | 830.2min elapsed, ETA 514min
    [594/960] mech_md50_ppon_r30 seed=4014 impact=+0.0492 ok | 831.6min elapsed, ETA 512min
    [595/960] mech_md50_ppon_r30 seed=4425 impact=+0.0185 ok | 831.9min elapsed, ETA 510min
    [596/960] mech_md50_ppon_r30 seed=4562 impact=+0.0228 ok | 832.5min elapsed, ETA 508min
    [597/960] mech_md50_ppon_r30 seed=4151 impact=+0.0614 ok | 832.6min elapsed, ETA 506min
    [598/960] mech_md50_ppon_r30 seed=4699 impact=-0.0298 ok | 833.4min elapsed, ETA 504min
    [599/960] mech_md50_ppoff_r05 seed=1000 impact=+0.0773 ok | 834.8min elapsed, ETA 503min
    [600/960] mech_md50_ppoff_r05 seed=1548 impact=-0.1501 EXT | 835.2min elapsed, ETA 501min
    [601/960] mech_md50_ppoff_r05 seed=1274 impact=+0.2175 ok | 835.3min elapsed, ETA 499min
    [602/960] mech_md50_ppoff_r05 seed=1137 impact=+0.0414 ok | 835.9min elapsed, ETA 497min
    [603/960] mech_md50_ppoff_r05 seed=1411 impact=+0.0225 EXT | 836.1min elapsed, ETA 495min
    [604/960] mech_md50_ppon_r30 seed=4973 impact=-0.0326 ok | 836.2min elapsed, ETA 493min
    [605/960] mech_md50_ppoff_r05 seed=1822 impact=+0.0841 ok | 837.0min elapsed, ETA 491min
    [606/960] mech_md50_ppon_r30 seed=4836 impact=+0.0872 ok | 837.1min elapsed, ETA 489min
    [607/960] mech_md50_ppoff_r05 seed=1685 impact=+0.0080 ok | 837.9min elapsed, ETA 487min
                                                                                             